≡ƒº¬ Testing GraphQL Endpoint Queries


=== TESTING QUERY ===
Query: query { __typename }
Status: 200
Response: {
  "data": {
    "__typename": "Query"
  }
}

=== TESTING QUERY ===
Query: 
    query {
      __schema {
        queryType {
          name
        }
      }
    }
  
Status: 200
Response: {
  "data": {
    "__schema": {
      "queryType": {
        "name": "Query"
      }
    }
  }
}

=== TESTING QUERY ===
Query: 
    query GetEvents {
      events {
        id
        name
        location
        startTime
        attendeeCount
      }
    }
  
Status: 200
Response: {
  "data": {
    "events": [
      {
        "id": "cmc7lsiyi00052ew8mdk68uq6",
        "name": "React Native Meetup",
        "location": "Tech Hub, Downtown",
        "startTime": "2025-06-23T13:30:00.000Z",
        "attendeeCount": 5
      },
      {
        "id": "cmc7lsix700032ew8eov9xyjf",
        "name": "Web3 & Blockchain Seminar",
        "location": "Blockchain Hub, Conference Room A",
        "startTime": "2025-06-25T11:47:44.200Z",
        "attendeeCount": 2
      },
      {
        "id": "cmc7lsix700022ew8on7m8dej",
        "name": "Open Source Contribution Workshop",
        "location": "Community Center, Main Hall",
        "startTime": "2025-06-27T11:47:44.200Z",
        "attendeeCount": 1
      },
      {
        "id": "cmc7lsix700012ew8jra0t6sd",
        "name": "GraphQL Workshop",
        "location": "Innovation Center, 2nd Floor",
        "startTime": "2025-06-29T08:30:00.000Z",
        "attendeeCount": 3
      },
      {
        "id": "cmc7lsix700002ew81u4a13rr",
        "name": "AI/ML for Developers",
        "location": "AI Research Lab, Building B",
        "startTime": "2025-07-02T11:47:44.200Z",
        "attendeeCount": 3
      },
      {
        "id": "cmc7lsix700042ew8bf05zsdb",
        "name": "TypeScript Deep Dive",
        "location": "Virtual Event (Zoom)",
        "startTime": "2025-07-22T13:00:00.000Z",
        "attendeeCount": 2
      }
    ]
  }
}

=== TESTING QUERY ===
Query: 
    query GetEventsWithDescription {
      events {
        id
        name
        description
        location
        startTime
        endTime
        attendees {
          id
          name
          email
        }
      }
    }
  
Status: 400
Response: {
  "errors": [
    {
      "message": "Cannot query field \"description\" on type \"Event\".",
      "locations": [
        {
          "line": 6,
          "column": 9
        }
      ],
      "extensions": {
        "code": "GRAPHQL_VALIDATION_FAILED",
        "stacktrace": [
          "GraphQLError: Cannot query field \"description\" on type \"Event\".",
          "    at Object.Field (C:\\Users\\Rajdip\\OneDrive\\Desktop\\NativeExpo\\backend\\node_modules\\graphql\\validation\\rules\\FieldsOnCorrectTypeRule.js:51:13)",
          "    at Object.enter (C:\\Users\\Rajdip\\OneDrive\\Desktop\\NativeExpo\\backend\\node_modules\\graphql\\language\\visitor.js:298:32)",
          "    at Object.enter (C:\\Users\\Rajdip\\OneDrive\\Desktop\\NativeExpo\\backend\\node_modules\\graphql\\utilities\\TypeInfo.js:391:27)",
          "    at visit (C:\\Users\\Rajdip\\OneDrive\\Desktop\\NativeExpo\\backend\\node_modules\\graphql\\language\\visitor.js:194:21)",
          "    at validate (C:\\Users\\Rajdip\\OneDrive\\Desktop\\NativeExpo\\backend\\node_modules\\graphql\\validation\\validate.js:91:24)",
          "    at processGraphQLRequest (C:\\Users\\Rajdip\\OneDrive\\Desktop\\NativeExpo\\backend\\node_modules\\@apollo\\server\\src\\requestPipeline.ts:246:38)",
          "    at processTicksAndRejections (node:internal/process/task_queues:105:5)",
          "    at async internalExecuteOperation (C:\\Users\\Rajdip\\OneDrive\\Desktop\\NativeExpo\\backend\\node_modules\\@apollo\\server\\src\\ApolloServer.ts:1334:12)",
          "    at async runHttpQuery (C:\\Users\\Rajdip\\OneDrive\\Desktop\\NativeExpo\\backend\\node_modules\\@apollo\\server\\src\\runHttpQuery.ts:232:27)",
          "    at async runPotentiallyBatchedHttpQuery (C:\\Users\\Rajdip\\OneDrive\\Desktop\\NativeExpo\\backend\\node_modules\\@apollo\\server\\src\\httpBatching.ts:85:12)"
        ]
      }
    },
    {
      "message": "Cannot query field \"endTime\" on type \"Event\".",
      "locations": [
        {
          "line": 9,
          "column": 9
        }
      ],
      "extensions": {
        "code": "GRAPHQL_VALIDATION_FAILED",
        "stacktrace": [
          "GraphQLError: Cannot query field \"endTime\" on type \"Event\".",
          "    at Object.Field (C:\\Users\\Rajdip\\OneDrive\\Desktop\\NativeExpo\\backend\\node_modules\\graphql\\validation\\rules\\FieldsOnCorrectTypeRule.js:51:13)",
          "    at Object.enter (C:\\Users\\Rajdip\\OneDrive\\Desktop\\NativeExpo\\backend\\node_modules\\graphql\\language\\visitor.js:298:32)",
          "    at Object.enter (C:\\Users\\Rajdip\\OneDrive\\Desktop\\NativeExpo\\backend\\node_modules\\graphql\\utilities\\TypeInfo.js:391:27)",
          "    at visit (C:\\Users\\Rajdip\\OneDrive\\Desktop\\NativeExpo\\backend\\node_modules\\graphql\\language\\visitor.js:194:21)",
          "    at validate (C:\\Users\\Rajdip\\OneDrive\\Desktop\\NativeExpo\\backend\\node_modules\\graphql\\validation\\validate.js:91:24)",
          "    at processGraphQLRequest (C:\\Users\\Rajdip\\OneDrive\\Desktop\\NativeExpo\\backend\\node_modules\\@apollo\\server\\src\\requestPipeline.ts:246:38)",
          "    at processTicksAndRejections (node:internal/process/task_queues:105:5)",
          "    at async internalExecuteOperation (C:\\Users\\Rajdip\\OneDrive\\Desktop\\NativeExpo\\backend\\node_modules\\@apollo\\server\\src\\ApolloServer.ts:1334:12)",
          "    at async runHttpQuery (C:\\Users\\Rajdip\\OneDrive\\Desktop\\NativeExpo\\backend\\node_modules\\@apollo\\server\\src\\runHttpQuery.ts:232:27)",
          "    at async runPotentiallyBatchedHttpQuery (C:\\Users\\Rajdip\\OneDrive\\Desktop\\NativeExpo\\backend\\node_modules\\@apollo\\server\\src\\httpBatching.ts:85:12)"
        ]
      }
    }
  ]
}

=== TESTING QUERY ===
Query: query { health }
Status: 200
Response: {
  "data": {
    "health": "OK - Database and GraphQL Working with Prisma! (JWT + Static Tokens)"
  }
}
